// Jest Snapshot v1, https://goo.gl/fbAQLP

exports[`<Spinner /> should render without crashing 1`] = `
<DocumentFragment>
  <div
    class="load"
  >
    <div
      class="load__icon-wrap"
    >
      <svg
        class="load__icon"
      >
        <path
          d="M12,4V2A10,10 0 0,0 2,12H4A8,8 0 0,1 12,4Z"
          fill="currentColor"
        />
      </svg>
    </div>
  </div>
</DocumentFragment>
`;
